// Jest Snapshot v1, https://goo.gl/fbAQLP

exports[`JPEGRLoader reconstructs an HDR image from "01.jpg": max HDR value 1`] = `
[
  6.390625,
  6.296875,
  6.265625,
]
`;

exports[`JPEGRLoader reconstructs an HDR image from "02.jpg": max HDR value 1`] = `
[
  13.8515625,
  9.9921875,
  7.7734375,
]
`;

exports[`JPEGRLoader reconstructs an HDR image from "03.jpg": max HDR value 1`] = `
[
  10.0625,
  8.6875,
  8.75,
]
`;

exports[`JPEGRLoader reconstructs an HDR image from "04.jpg": max HDR value 1`] = `
[
  12.0234375,
  6.53515625,
  2.353515625,
]
`;

exports[`JPEGRLoader reconstructs an HDR image from "05.jpg": max HDR value 1`] = `
[
  15.9921875,
  16,
  16,
]
`;

exports[`JPEGRLoader reconstructs an HDR image from "06.jpg": max HDR value 1`] = `
[
  15.0234375,
  11.65625,
  8.921875,
]
`;

exports[`JPEGRLoader reconstructs an HDR image from "07.jpg": max HDR value 1`] = `
[
  16,
  13.6875,
  9.8203125,
]
`;

exports[`JPEGRLoader reconstructs an HDR image from "08.jpg": max HDR value 1`] = `
[
  6.85546875,
  6.1171875,
  5.39453125,
]
`;

exports[`JPEGRLoader reconstructs an HDR image from "09.jpg": max HDR value 1`] = `
[
  9.796875,
  9.5,
  9.3125,
]
`;

exports[`JPEGRLoader reconstructs an HDR image from "10.jpg": max HDR value 1`] = `
[
  7.84375,
  5.421875,
  2.216796875,
]
`;

exports[`JPEGRLoader reconstructs an HDR image from "pisa-4k.jpg": max HDR value 1`] = `
[
  8.8984375,
  8.3125,
  6.26953125,
]
`;

exports[`JPEGRLoader reconstructs an HDR image from "spruit_sunrise_4k.jpg": max HDR value 1`] = `
[
  65504,
  65504,
  39456,
]
`;
